<html>
<body>
<pre>
<h1>µVision Build Log</h1>
<h2>Tool Versions:</h2>
IDE-Version: µVision V5.36.0.0
Copyright (C) 2021 ARM Ltd and ARM Germany GmbH. All rights reserved.
License Information: Matthias Hertel, Arm, LIC=3UUU7-EWK39-QR7XK-XF8IB-T85HB-IVFEA
 
Tool Versions:
Toolchain:       MDK-ARM Professional  Version: 5.36.0.0
Toolchain Path:  C:\Keil_v5\ARM\ARMCLANG\Bin
C Compiler:      ArmClang.exe V6.16
Assembler:       Armasm.exe V6.16
Linker/Locator:  ArmLink.exe V6.16
Library Manager: ArmAr.exe V6.16
Hex Converter:   FromElf.exe V6.16
CPU DLL:         
Dialog DLL:      
Target DLL:      DbgFMv8M.DLL V1.3.19.0
Dialog DLL:      TCM.DLL V1.53.0.0
 
<h2>Project:</h2>
Z:\Projects\Webinar HelloTensorflow\Hello.uvprojx
Project File Date:  11/18/2021

<h2>Output:</h2>
*** Using Compiler 'V6.16', folder: 'C:\Keil_v5\ARM\ARMCLANG\Bin'
Build target 'Target 1'
Note: source file 'C:\Users\mather01\AppData\Local\Arm\Packs\tensorflow\tensorflow-lite-micro\0.4.0\tensorflow\lite\micro\kernels\kernel_util.cc' - object file renamed from '.\Objects\kernel_util.o' to '.\Objects\kernel_util_1.o'.
compiling retarget_io.c...
linking...
.\Objects\Blinky.axf: Warning: L6439W: Multiply defined Global Symbol flatbuffers::flatbuffer_version_string defined in .data._ZN11flatbuffers25flatbuffer_version_stringE(flatbuffer_conversions.o) rejected in favor of Symbol defined in .data._ZN11flatbuffers25flatbuffer_version_stringE(main_functions.o).
.\Objects\Blinky.axf: Warning: L6439W: Multiply defined Global Symbol flatbuffers::flatbuffer_version_string defined in .data._ZN11flatbuffers25flatbuffer_version_stringE(op_resolver.o) rejected in favor of Symbol defined in .data._ZN11flatbuffers25flatbuffer_version_stringE(main_functions.o).
.\Objects\Blinky.axf: Warning: L6439W: Multiply defined Global Symbol flatbuffers::flatbuffer_version_string defined in .data._ZN11flatbuffers25flatbuffer_version_stringE(all_ops_resolver.o) rejected in favor of Symbol defined in .data._ZN11flatbuffers25flatbuffer_version_stringE(main_functions.o).
.\Objects\Blinky.axf: Warning: L6439W: Multiply defined Global Symbol flatbuffers::flatbuffer_version_string defined in .data._ZN11flatbuffers25flatbuffer_version_stringE(flatbuffer_utils.o) rejected in favor of Symbol defined in .data._ZN11flatbuffers25flatbuffer_version_stringE(main_functions.o).
.\Objects\Blinky.axf: Warning: L6439W: Multiply defined Global Symbol flatbuffers::flatbuffer_version_string defined in .data._ZN11flatbuffers25flatbuffer_version_stringE(assign_variable.o) rejected in favor of Symbol defined in .data._ZN11flatbuffers25flatbuffer_version_stringE(main_functions.o).
.\Objects\Blinky.axf: Warning: L6439W: Multiply defined Global Symbol flatbuffers::flatbuffer_version_string defined in .data._ZN11flatbuffers25flatbuffer_version_stringE(call_once.o) rejected in favor of Symbol defined in .data._ZN11flatbuffers25flatbuffer_version_stringE(main_functions.o).
.\Objects\Blinky.axf: Warning: L6439W: Multiply defined Global Symbol flatbuffers::flatbuffer_version_string defined in .data._ZN11flatbuffers25flatbuffer_version_stringE(circular_buffer.o) rejected in favor of Symbol defined in .data._ZN11flatbuffers25flatbuffer_version_stringE(main_functions.o).
.\Objects\Blinky.axf: Warning: L6439W: Multiply defined Global Symbol flatbuffers::flatbuffer_version_string defined in .data._ZN11flatbuffers25flatbuffer_version_stringE(circular_buffer_common.o) rejected in favor of Symbol defined in .data._ZN11flatbuffers25flatbuffer_version_stringE(main_functions.o).
.\Objects\Blinky.axf: Warning: L6439W: Multiply defined Global Symbol flatbuffers::flatbuffer_version_string defined in .data._ZN11flatbuffers25flatbuffer_version_stringE(add.o) rejected in favor of Symbol defined in .data._ZN11flatbuffers25flatbuffer_version_stringE(main_functions.o).
.\Objects\Blinky.axf: Warning: L6439W: Multiply defined Global Symbol flatbuffers::flatbuffer_version_string defined in .data._ZN11flatbuffers25flatbuffer_version_stringE(mul.o) rejected in favor of Symbol defined in .data._ZN11flatbuffers25flatbuffer_version_stringE(main_functions.o).
.\Objects\Blinky.axf: Warning: L6439W: Multiply defined Global Symbol flatbuffers::flatbuffer_version_string defined in .data._ZN11flatbuffers25flatbuffer_version_stringE(if.o) rejected in favor of Symbol defined in .data._ZN11flatbuffers25flatbuffer_version_stringE(main_functions.o).
.\Objects\Blinky.axf: Warning: L6439W: Multiply defined Global Symbol flatbuffers::flatbuffer_version_string defined in .data._ZN11flatbuffers25flatbuffer_version_stringE(kernel_runner.o) rejected in favor of Symbol defined in .data._ZN11flatbuffers25flatbuffer_version_stringE(main_functions.o).
.\Objects\Blinky.axf: Warning: L6439W: Multiply defined Global Symbol flatbuffers::flatbuffer_version_string defined in .data._ZN11flatbuffers25flatbuffer_version_stringE(read_variable.o) rejected in favor of Symbol defined in .data._ZN11flatbuffers25flatbuffer_version_stringE(main_functions.o).
.\Objects\Blinky.axf: Warning: L6439W: Multiply defined Global Symbol flatbuffers::flatbuffer_version_string defined in .data._ZN11flatbuffers25flatbuffer_version_stringE(reshape.o) rejected in favor of Symbol defined in .data._ZN11flatbuffers25flatbuffer_version_stringE(main_functions.o).
.\Objects\Blinky.axf: Warning: L6439W: Multiply defined Global Symbol flatbuffers::flatbuffer_version_string defined in .data._ZN11flatbuffers25flatbuffer_version_stringE(shape.o) rejected in favor of Symbol defined in .data._ZN11flatbuffers25flatbuffer_version_stringE(main_functions.o).
.\Objects\Blinky.axf: Warning: L6439W: Multiply defined Global Symbol flatbuffers::flatbuffer_version_string defined in .data._ZN11flatbuffers25flatbuffer_version_stringE(squeeze.o) rejected in favor of Symbol defined in .data._ZN11flatbuffers25flatbuffer_version_stringE(main_functions.o).
.\Objects\Blinky.axf: Warning: L6439W: Multiply defined Global Symbol flatbuffers::flatbuffer_version_string defined in .data._ZN11flatbuffers25flatbuffer_version_stringE(var_handle.o) rejected in favor of Symbol defined in .data._ZN11flatbuffers25flatbuffer_version_stringE(main_functions.o).
.\Objects\Blinky.axf: Warning: L6439W: Multiply defined Global Symbol flatbuffers::flatbuffer_version_string defined in .data._ZN11flatbuffers25flatbuffer_version_stringE(memory_helpers.o) rejected in favor of Symbol defined in .data._ZN11flatbuffers25flatbuffer_version_stringE(main_functions.o).
.\Objects\Blinky.axf: Warning: L6439W: Multiply defined Global Symbol flatbuffers::flatbuffer_version_string defined in .data._ZN11flatbuffers25flatbuffer_version_stringE(micro_allocator.o) rejected in favor of Symbol defined in .data._ZN11flatbuffers25flatbuffer_version_stringE(main_functions.o).
.\Objects\Blinky.axf: Warning: L6439W: Multiply defined Global Symbol flatbuffers::flatbuffer_version_string defined in .data._ZN11flatbuffers25flatbuffer_version_stringE(micro_graph.o) rejected in favor of Symbol defined in .data._ZN11flatbuffers25flatbuffer_version_stringE(main_functions.o).
.\Objects\Blinky.axf: Warning: L6439W: Multiply defined Global Symbol flatbuffers::flatbuffer_version_string defined in .data._ZN11flatbuffers25flatbuffer_version_stringE(micro_interpreter.o) rejected in favor of Symbol defined in .data._ZN11flatbuffers25flatbuffer_version_stringE(main_functions.o).
.\Objects\Blinky.axf: Warning: L6439W: Multiply defined Global Symbol flatbuffers::flatbuffer_version_string defined in .data._ZN11flatbuffers25flatbuffer_version_stringE(micro_resource_variable.o) rejected in favor of Symbol defined in .data._ZN11flatbuffers25flatbuffer_version_stringE(main_functions.o).
.\Objects\Blinky.axf: Warning: L6439W: Multiply defined Global Symbol flatbuffers::flatbuffer_version_string defined in .data._ZN11flatbuffers25flatbuffer_version_stringE(micro_utils.o) rejected in favor of Symbol defined in .data._ZN11flatbuffers25flatbuffer_version_stringE(main_functions.o).
.\Objects\Blinky.axf: Warning: L6439W: Multiply defined Global Symbol flatbuffers::flatbuffer_version_string defined in .data._ZN11flatbuffers25flatbuffer_version_stringE(mock_micro_graph.o) rejected in favor of Symbol defined in .data._ZN11flatbuffers25flatbuffer_version_stringE(main_functions.o).
.\Objects\Blinky.axf: Warning: L6439W: Multiply defined Global Symbol flatbuffers::flatbuffer_version_string defined in .data._ZN11flatbuffers25flatbuffer_version_stringE(recording_micro_allocator.o) rejected in favor of Symbol defined in .data._ZN11flatbuffers25flatbuffer_version_stringE(main_functions.o).
.\Objects\Blinky.axf: Warning: L6439W: Multiply defined Global Symbol flatbuffers::flatbuffer_version_string defined in .data._ZN11flatbuffers25flatbuffer_version_stringE(simple_memory_allocator.o) rejected in favor of Symbol defined in .data._ZN11flatbuffers25flatbuffer_version_stringE(main_functions.o).
.\Objects\Blinky.axf: Warning: L6439W: Multiply defined Global Symbol flatbuffers::flatbuffer_version_string defined in .data._ZN11flatbuffers25flatbuffer_version_stringE(test_helpers.o) rejected in favor of Symbol defined in .data._ZN11flatbuffers25flatbuffer_version_stringE(main_functions.o).
.\Objects\Blinky.axf: Warning: L6439W: Multiply defined Global Symbol flatbuffers::flatbuffer_version_string defined in .data._ZN11flatbuffers25flatbuffer_version_stringE(schema_utils.o) rejected in favor of Symbol defined in .data._ZN11flatbuffers25flatbuffer_version_stringE(main_functions.o).
.\RTE\Device\SSE-300-MPS3\fvp_sse300_mps3_s.sct(24): warning: L6314W: No section matches pattern *(Veneer$$CMSE).
.\RTE\Device\SSE-300-MPS3\fvp_sse300_mps3_s.sct: Warning: L6848E: No CMSE symbols written in import library .\Objects\Blinky_CMSE_Lib.o.
Program Size: Code=231020 RO-data=35548 RW-data=84 ZI-data=12388  
Finished: 0 information, 30 warning and 0 error messages.
FromELF: creating hex file...
".\Objects\Blinky.axf" - 0 Error(s), 30 Warning(s).

<h2>Software Packages used:</h2>

Package Vendor: ARM
                http://www.keil.com/pack/ARM.CMSIS.5.8.0.pack
                ARM.CMSIS.5.8.0
                CMSIS (Common Microcontroller Software Interface Standard)
   * Component: SPI Version: 2.3.0
   * Component: USART Version: 2.4.0
   * Component: CORE Version: 5.5.0
   * Component: DSP Variant: Source Version: 1.9.0-dev
   * Component: NN Lib Version: 3.0.0

Package Vendor: ARM
                http://www.keil.com/pack/ARM.V2M_MPS3_SSE_300_BSP.1.2.0.pack
                ARM.V2M_MPS3_SSE_300_BSP.1.2.0
                ARM V2M-MPS3 Board Support PACK for CoreLink SSE-300 - TrustZone enabled subsystem for embedded.
   * Component: I2C SBCon Version: 1.0.0
   * Component: MPC Version: 1.0.0
   * Component: PPC Version: 1.0.0
   * Component: SPI Version: 1.0.0
   * Component: USART Version: 1.0.0
   * Component: Definition Version: 1.1.0
   * Component: Startup Variant: Baremetal Version: 1.1.0
   * Component: Audio I2S Version: 1.0.0
   * Component: GPIO Version: 1.0.0
   * Component: I2C SBCon Version: 1.0.0
   * Component: IO Version: 1.0.0
   * Component: MPC Version: 1.0.0
   * Component: PPC Version: 1.0.0
   * Component: SPI Version: 1.0.0
   * Component: SysCounter Version: 1.0.0
   * Component: SysTimer Version: 1.0.0
   * Component: Timeout Version: 1.0.0
   * Component: UART Version: 1.0.0
   * Component: Watch Dog Version: 1.0.0

Package Vendor: tensorflow
                https://github.com/MDK-Packs/tensorflow-pack/releases/download/0.4/tensorflow.flatbuffers.0.4.0.pack
                tensorflow.flatbuffers.0.4.0
                FlatBuffers: Memory Efficient Serialization Library
   * Component: flatbuffers Variant: tensorflow Version: 1.12.0

Package Vendor: tensorflow
                https://github.com/MDK-Packs/tensorflow-pack/releases/download/0.4/tensorflow.gemmlowp.0.4.0.pack
                tensorflow.gemmlowp.0.4.0
                a small self-contained low-precision GEMM library
   * Component: gemmlowp fixed-point Variant: tensorflow Version: 1.0.0

Package Vendor: tensorflow
                https://github.com/MDK-Packs/tensorflow-pack/releases/download/0.4/tensorflow.kissfft.0.4.0.pack
                tensorflow.kissfft.0.4.0
                Fast Fourier Transform (FFT) library that tries to Keep it Simple, Stupid
   * Component: kissfft Variant: tensorflow Version: 1.4.5

Package Vendor: tensorflow
                https://github.com/MDK-Packs/tensorflow-pack/releases/download/0.4/tensorflow.ruy.0.4.0.pack
                tensorflow.ruy.0.4.0
                The ruy matrix multiplication library
   * Component: ruy Variant: tensorflow Version: 1.12.0

Package Vendor: tensorflow
                https://github.com/MDK-Packs/tensorflow-pack/releases/download/0.4/tensorflow.tensorflow-lite-micro.0.4.0.pack
                tensorflow.tensorflow-lite-micro.0.4.0
                Deep learning framework for on-device inference.
   * Component: Kernel Utils Version: 0.4.0
   * Component: Kernel Variant: CMSIS-NN Version: 0.4.0

Package Vendor: Keil
                http://www.keil.com/pack/Keil.ARM_Compiler.1.6.3.pack
                Keil.ARM_Compiler.1.6.3
                Keil ARM Compiler extensions for ARM Compiler 5 and ARM Compiler 6
   * Component: STDOUT Variant: User Version: 1.2.0

<h2>Collection of Component include folders:</h2>
  .\RTE\Device\SSE-300-MPS3
  .\RTE\_Target_1
  C:\Users\mather01\AppData\Local\Arm\Packs\ARM\CMSIS\5.8.0\CMSIS\Core\Include
  C:\Users\mather01\AppData\Local\Arm\Packs\ARM\CMSIS\5.8.0\CMSIS\DSP\Include
  C:\Users\mather01\AppData\Local\Arm\Packs\ARM\CMSIS\5.8.0\CMSIS\DSP\PrivateInclude
  C:\Users\mather01\AppData\Local\Arm\Packs\ARM\CMSIS\5.8.0\CMSIS\Driver\Include
  C:\Users\mather01\AppData\Local\Arm\Packs\ARM\CMSIS\5.8.0\CMSIS\NN\Include
  C:\Users\mather01\AppData\Local\Arm\Packs\ARM\V2M_MPS3_SSE_300_BSP\1.2.0\Board\Device_Definition
  C:\Users\mather01\AppData\Local\Arm\Packs\ARM\V2M_MPS3_SSE_300_BSP\1.2.0\Board\Platform
  C:\Users\mather01\AppData\Local\Arm\Packs\ARM\V2M_MPS3_SSE_300_BSP\1.2.0\CMSIS_Driver
  C:\Users\mather01\AppData\Local\Arm\Packs\ARM\V2M_MPS3_SSE_300_BSP\1.2.0\CMSIS_Driver\Config
  C:\Users\mather01\AppData\Local\Arm\Packs\ARM\V2M_MPS3_SSE_300_BSP\1.2.0\CMSIS_Driver\Include
  C:\Users\mather01\AppData\Local\Arm\Packs\ARM\V2M_MPS3_SSE_300_BSP\1.2.0\Device\Include
  C:\Users\mather01\AppData\Local\Arm\Packs\ARM\V2M_MPS3_SSE_300_BSP\1.2.0\Native_Driver
  C:\Users\mather01\AppData\Local\Arm\Packs\tensorflow\flatbuffers\0.4.0\src\include
  C:\Users\mather01\AppData\Local\Arm\Packs\tensorflow\gemmlowp\0.4.0\src
  C:\Users\mather01\AppData\Local\Arm\Packs\tensorflow\kissfft\0.4.0\src
  C:\Users\mather01\AppData\Local\Arm\Packs\tensorflow\ruy\0.4.0\src
  C:\Users\mather01\AppData\Local\Arm\Packs\tensorflow\tensorflow-lite-micro\0.4.0
  C:\Users\mather01\AppData\Local\Arm\Packs\tensorflow\tensorflow-lite-micro\0.4.0\tensorflow\lite
  C:\Users\mather01\AppData\Local\Arm\Packs\tensorflow\tensorflow-lite-micro\0.4.0\tensorflow\lite\c
  C:\Users\mather01\AppData\Local\Arm\Packs\tensorflow\tensorflow-lite-micro\0.4.0\tensorflow\lite\core\api
  C:\Users\mather01\AppData\Local\Arm\Packs\tensorflow\tensorflow-lite-micro\0.4.0\tensorflow\lite\kernels
  C:\Users\mather01\AppData\Local\Arm\Packs\tensorflow\tensorflow-lite-micro\0.4.0\tensorflow\lite\kernels\internal
  C:\Users\mather01\AppData\Local\Arm\Packs\tensorflow\tensorflow-lite-micro\0.4.0\tensorflow\lite\kernels\internal\optimized
  C:\Users\mather01\AppData\Local\Arm\Packs\tensorflow\tensorflow-lite-micro\0.4.0\tensorflow\lite\kernels\internal\reference
  C:\Users\mather01\AppData\Local\Arm\Packs\tensorflow\tensorflow-lite-micro\0.4.0\tensorflow\lite\kernels\internal\reference\integer_ops
  C:\Users\mather01\AppData\Local\Arm\Packs\tensorflow\tensorflow-lite-micro\0.4.0\tensorflow\lite\micro
  C:\Users\mather01\AppData\Local\Arm\Packs\tensorflow\tensorflow-lite-micro\0.4.0\tensorflow\lite\micro\cortex_m_generic
  C:\Users\mather01\AppData\Local\Arm\Packs\tensorflow\tensorflow-lite-micro\0.4.0\tensorflow\lite\micro\kernels
  C:\Users\mather01\AppData\Local\Arm\Packs\tensorflow\tensorflow-lite-micro\0.4.0\tensorflow\lite\micro\memory_planner
  C:\Users\mather01\AppData\Local\Arm\Packs\tensorflow\tensorflow-lite-micro\0.4.0\tensorflow\lite\schema

<h2>Collection of Component Files used:</h2>

   * Component: ::CMSIS Driver:SPI:2.3.0 (API)
      Include file:  CMSIS\Driver\Include\Driver_SPI.h

   * Component: ::CMSIS Driver:USART:2.4.0 (API)
      Include file:  CMSIS\Driver\Include\Driver_USART.h

   * Component: ARM::CMSIS Driver:I2C SBCon:1.0.0
      Source file:   CMSIS_Driver\Driver_I2C.c

   * Component: ARM::CMSIS Driver:MPC:1.0.0
      Source file:   CMSIS_Driver\Driver_FVP_SSE300_MPC.c
      Include file:  CMSIS_Driver\Driver_MPC.h

   * Component: ARM::CMSIS Driver:PPC:1.0.0
      Include file:  CMSIS_Driver\Driver_SSE300_PPC.h
      Source file:   CMSIS_Driver\Driver_SSE300_PPC.c

   * Component: ARM::CMSIS Driver:SPI:1.0.0
      Source file:   CMSIS_Driver\Driver_SPI.c

   * Component: ARM::CMSIS Driver:USART:1.0.0
      Source file:   CMSIS_Driver\Driver_USART.c

   * Component: ARM::CMSIS:CORE:5.5.0
      Source file:   CMSIS\Core\Template\ARMv8-M\main_s.c
      Source file:   CMSIS\Core\Template\ARMv8-M\tz_context.c
      Include file:  CMSIS\Core\Include\tz_context.h

   * Component: ARM::CMSIS:DSP:Source:1.9.0-dev
      Source file:   CMSIS\DSP\Source\ComplexMathFunctions\ComplexMathFunctionsF16.c
      Source file:   CMSIS\DSP\Source\CommonTables\CommonTablesF16.c
      Include file:  CMSIS\DSP\Include\arm_math.h
      Include file:  CMSIS\DSP\Include\arm_const_structs_f16.h
      Source file:   CMSIS\DSP\Source\BasicMathFunctions\BasicMathFunctionsF16.c
      Source file:   CMSIS\DSP\Source\TransformFunctions\TransformFunctionsF16.c
      Source file:   CMSIS\DSP\Source\InterpolationFunctions\InterpolationFunctionsF16.c
      Source file:   CMSIS\DSP\Source\StatisticsFunctions\StatisticsFunctionsF16.c
      Source file:   CMSIS\DSP\Source\MatrixFunctions\MatrixFunctionsF16.c
      Source file:   CMSIS\DSP\Source\MatrixFunctions\MatrixFunctions.c
      Source file:   CMSIS\DSP\Source\BayesFunctions\BayesFunctions.c
      Source file:   CMSIS\DSP\Source\DistanceFunctions\DistanceFunctions.c
      Source file:   CMSIS\DSP\Source\FilteringFunctions\FilteringFunctions.c
      Source file:   CMSIS\DSP\Source\FilteringFunctions\FilteringFunctionsF16.c
      Source file:   CMSIS\DSP\Source\SupportFunctions\SupportFunctionsF16.c
      Source file:   CMSIS\DSP\Source\StatisticsFunctions\StatisticsFunctions.c
      Source file:   CMSIS\DSP\Source\SVMFunctions\SVMFunctions.c
      Include file:  CMSIS\DSP\Include\arm_math_f16.h
      Include file:  CMSIS\DSP\Include\arm_common_tables.h
      Source file:   CMSIS\DSP\Source\QuaternionMathFunctions\QuaternionMathFunctions.c
      Source file:   CMSIS\DSP\Source\ComplexMathFunctions\ComplexMathFunctions.c
      Source file:   CMSIS\DSP\Source\BasicMathFunctions\BasicMathFunctions.c
      Source file:   CMSIS\DSP\Source\ControllerFunctions\ControllerFunctions.c
      Source file:   CMSIS\DSP\Source\FastMathFunctions\FastMathFunctions.c
      Include file:  CMSIS\DSP\Include\arm_common_tables_f16.h
      Source file:   CMSIS\DSP\Source\SupportFunctions\SupportFunctions.c
      Source file:   CMSIS\DSP\Source\TransformFunctions\TransformFunctions.c
      Include file:  CMSIS\DSP\Include\arm_const_structs.h
      Source file:   CMSIS\DSP\Source\CommonTables\CommonTables.c
      Source file:   CMSIS\DSP\Source\InterpolationFunctions\InterpolationFunctions.c
      Source file:   CMSIS\DSP\Source\BayesFunctions\BayesFunctionsF16.c
      Source file:   CMSIS\DSP\Source\FastMathFunctions\FastMathFunctionsF16.c
      Source file:   CMSIS\DSP\Source\SVMFunctions\SVMFunctionsF16.c
      Source file:   CMSIS\DSP\Source\DistanceFunctions\DistanceFunctionsF16.c

   * Component: ARM::CMSIS:NN Lib:3.0.0
      Source file:   CMSIS\NN\Source\FullyConnectedFunctions\arm_fully_connected_q15.c
      Source file:   CMSIS\NN\Source\SoftmaxFunctions\arm_softmax_q15.c
      Source file:   CMSIS\NN\Source\SoftmaxFunctions\arm_softmax_u8.c
      Source file:   CMSIS\NN\Source\SoftmaxFunctions\arm_softmax_with_batch_q7.c
      Source file:   CMSIS\NN\Source\FullyConnectedFunctions\arm_fully_connected_q7.c
      Source file:   CMSIS\NN\Source\FullyConnectedFunctions\arm_fully_connected_q7_opt.c
      Source file:   CMSIS\NN\Source\FullyConnectedFunctions\arm_fully_connected_mat_q7_vec_q15.c
      Source file:   CMSIS\NN\Source\FullyConnectedFunctions\arm_fully_connected_mat_q7_vec_q15_opt.c
      Source file:   CMSIS\NN\Source\SoftmaxFunctions\arm_softmax_s8.c
      Source file:   CMSIS\NN\Source\SoftmaxFunctions\arm_softmax_q7.c
      Source file:   CMSIS\NN\Source\ConvolutionFunctions\arm_depthwise_separable_conv_HWC_q7.c
      Source file:   CMSIS\NN\Source\ConvolutionFunctions\arm_convolve_HWC_q15_fast.c
      Source file:   CMSIS\NN\Source\ConvolutionFunctions\arm_depthwise_conv_u8_basic_ver1.c
      Source file:   CMSIS\NN\Source\ConvolutionFunctions\arm_depthwise_conv_s8.c
      Source file:   CMSIS\NN\Source\ConvolutionFunctions\arm_convolve_HWC_q7_basic_nonsquare.c
      Include file:  CMSIS\NN\Include\arm_nn_tables.h
      Source file:   CMSIS\NN\Source\ConvolutionFunctions\arm_nn_mat_mult_kernel_q7_q15.c
      Source file:   CMSIS\NN\Source\ConvolutionFunctions\arm_nn_mat_mult_s8.c
      Source file:   CMSIS\NN\Source\ConvolutionFunctions\arm_nn_mat_mult_kernel_q7_q15_reordered.c
      Include file:  CMSIS\NN\Include\arm_nnfunctions.h
      Source file:   CMSIS\NN\Source\ConvolutionFunctions\arm_nn_mat_mult_kernel_s8_s16.c
      Source file:   CMSIS\NN\Source\ConvolutionFunctions\arm_nn_mat_mult_kernel_s8_s16_reordered.c
      Include file:  CMSIS\NN\Include\arm_nn_types.h
      Source file:   CMSIS\NN\Source\ConvolutionFunctions\arm_convolve_HWC_q7_fast.c
      Source file:   CMSIS\NN\Source\ConvolutionFunctions\arm_convolve_HWC_q7_basic.c
      Source file:   CMSIS\NN\Source\ConcatenationFunctions\arm_concatenation_s8_x.c
      Include file:  CMSIS\NN\Include\arm_nnsupportfunctions.h
      Source file:   CMSIS\NN\Source\ConvolutionFunctions\arm_convolve_1x1_HWC_q7_fast_nonsquare.c
      Source file:   CMSIS\NN\Source\ConcatenationFunctions\arm_concatenation_s8_w.c
      Source file:   CMSIS\NN\Source\ConvolutionFunctions\arm_convolve_1_x_n_s8.c
      Source file:   CMSIS\NN\Source\ConvolutionFunctions\arm_convolve_HWC_q15_fast_nonsquare.c
      Source file:   CMSIS\NN\Source\ConvolutionFunctions\arm_convolve_1x1_s8_fast.c
      Source file:   CMSIS\NN\Source\ConvolutionFunctions\arm_depthwise_separable_conv_HWC_q7_nonsquare.c
      Source file:   CMSIS\NN\Source\ConvolutionFunctions\arm_depthwise_conv_s8_opt.c
      Source file:   CMSIS\NN\Source\ConvolutionFunctions\arm_convolve_wrapper_s8.c
      Source file:   CMSIS\NN\Source\ConvolutionFunctions\arm_nn_depthwise_conv_s8_core.c
      Source file:   CMSIS\NN\Source\ConvolutionFunctions\arm_depthwise_conv_wrapper_s8.c
      Source file:   CMSIS\NN\Source\ConvolutionFunctions\arm_convolve_s8.c
      Source file:   CMSIS\NN\Source\ConvolutionFunctions\arm_convolve_HWC_q15_basic.c
      Source file:   CMSIS\NN\Source\ConvolutionFunctions\arm_depthwise_conv_3x3_s8.c
      Source file:   CMSIS\NN\Source\ConvolutionFunctions\arm_convolve_HWC_q7_fast_nonsquare.c
      Source file:   CMSIS\NN\Source\ConvolutionFunctions\arm_convolve_HWC_q7_RGB.c
      Source file:   CMSIS\NN\Source\NNSupportFunctions\arm_q7_to_q15_reordered_no_shift.c
      Source file:   CMSIS\NN\Source\BasicMathFunctions\arm_elementwise_add_s8.c
      Source file:   CMSIS\NN\Source\ActivationFunctions\arm_relu_q7.c
      Source file:   CMSIS\NN\Source\ActivationFunctions\arm_relu6_s8.c
      Source file:   CMSIS\NN\Source\NNSupportFunctions\arm_nn_add_q7.c
      Source file:   CMSIS\NN\Source\ConcatenationFunctions\arm_concatenation_s8_y.c
      Source file:   CMSIS\NN\Source\BasicMathFunctions\arm_elementwise_mul_s8.c
      Source file:   CMSIS\NN\Source\NNSupportFunctions\arm_nn_vec_mat_mult_t_s8.c
      Source file:   CMSIS\NN\Source\NNSupportFunctions\arm_nn_depthwise_conv_nt_t_s8.c
      Source file:   CMSIS\NN\Source\SVDFunctions\arm_svdf_s8.c
      Source file:   CMSIS\NN\Source\ActivationFunctions\arm_relu_q15.c
      Source file:   CMSIS\NN\Source\ActivationFunctions\arm_nn_activations_q15.c
      Source file:   CMSIS\NN\Source\ConcatenationFunctions\arm_concatenation_s8_z.c
      Source file:   CMSIS\NN\Source\NNSupportFunctions\arm_nn_mult_q7.c
      Source file:   CMSIS\NN\Source\NNSupportFunctions\arm_nn_mat_mult_nt_t_s8.c
      Source file:   CMSIS\NN\Source\PoolingFunctions\arm_max_pool_s8.c
      Source file:   CMSIS\NN\Source\NNSupportFunctions\arm_nn_depthwise_conv_nt_t_padded_s8.c
      Source file:   CMSIS\NN\Source\NNSupportFunctions\arm_q7_to_q15_no_shift.c
      Source file:   CMSIS\NN\Source\PoolingFunctions\arm_pool_q7_HWC.c
      Source file:   CMSIS\NN\Source\NNSupportFunctions\arm_nn_mat_mul_core_4x_s8.c
      Source file:   CMSIS\NN\Source\NNSupportFunctions\arm_q7_to_q15_reordered_with_offset.c
      Source file:   CMSIS\NN\Source\NNSupportFunctions\arm_nn_mult_q15.c
      Source file:   CMSIS\NN\Source\NNSupportFunctions\arm_nn_accumulate_q7_to_q15.c
      Source file:   CMSIS\NN\Source\ReshapeFunctions\arm_reshape_s8.c
      Source file:   CMSIS\NN\Source\NNSupportFunctions\arm_nn_vec_mat_mult_t_svdf_s8.c
      Source file:   CMSIS\NN\Source\FullyConnectedFunctions\arm_fully_connected_s8.c
      Source file:   CMSIS\NN\Source\NNSupportFunctions\arm_q7_to_q15_with_offset.c
      Source file:   CMSIS\NN\Source\FullyConnectedFunctions\arm_fully_connected_q15_opt.c
      Source file:   CMSIS\NN\Source\NNSupportFunctions\arm_nntables.c
      Source file:   CMSIS\NN\Source\NNSupportFunctions\arm_nn_mat_mul_core_1x_s8.c
      Source file:   CMSIS\NN\Source\PoolingFunctions\arm_avgpool_s8.c
      Source file:   CMSIS\NN\Source\ActivationFunctions\arm_nn_activations_q7.c

   * Component: ARM::Device:Definition:1.1.0
      Include file:  Board\Platform\platform_base_address.h
      Source file:   Board\Device_Definition\device_definition.c
      Source file:   Device\Source\system_SSE300MPS3.c
      Include file:  Board\Device_Definition\device_definition.h

   * Component: ARM::Device:Startup:Baremetal:1.1.0
      Source file:   Device\Source\startup_fvp_sse300_mps3.c
      Include file:  Device\Include\region_defs.h
      Include file:  CMSIS_Driver\Config\Baremetal\cmsis_driver_config.h
      Include file:  Device\Include\region_limits.h
      Include file:  CMSIS_Driver\Config\RTE_Device.h
      Include file:  Device\Config\Baremetal\device_cfg.h

   * Component: ARM::Native Driver:Audio I2S:1.0.0
      Source file:   Native_Driver\audio_i2s_mps3_drv.c
      Include file:  Native_Driver\audio_i2s_mps3_drv.h

   * Component: ARM::Native Driver:GPIO:1.0.0
      Source file:   Native_Driver\gpio_cmsdk_drv.c
      Include file:  Native_Driver\gpio_cmsdk_drv.h

   * Component: ARM::Native Driver:I2C SBCon:1.0.0
      Source file:   Native_Driver\i2c_sbcon_drv.c
      Include file:  Native_Driver\i2c_sbcon_drv.h

   * Component: ARM::Native Driver:IO:1.0.0
      Source file:   Native_Driver\arm_mps3_io_drv.c
      Include file:  Native_Driver\arm_mps3_io_drv.h

   * Component: ARM::Native Driver:MPC:1.0.0
      Source file:   Native_Driver\mpc_sie_drv.c
      Include file:  Native_Driver\mpc_sie_drv.h

   * Component: ARM::Native Driver:PPC:1.0.0
      Source file:   Native_Driver\ppc_sse300_drv.c
      Include file:  Native_Driver\ppc_sse300_drv.h

   * Component: ARM::Native Driver:SPI:1.0.0
      Source file:   Native_Driver\spi_pl022_drv.c
      Include file:  Native_Driver\spi_pl022_drv.h

   * Component: ARM::Native Driver:SysCounter:1.0.0
      Source file:   Native_Driver\syscounter_armv8-m_read_drv.c
      Source file:   Native_Driver\syscounter_armv8-m_cntrl_drv.c
      Include file:  Native_Driver\syscounter_armv8-m_read_drv.h
      Include file:  Native_Driver\syscounter_armv8-m_cntrl_drv.h

   * Component: ARM::Native Driver:SysTimer:1.0.0
      Include file:  Native_Driver\systimer_armv8-m_drv.h
      Source file:   Native_Driver\systimer_armv8-m_drv.c

   * Component: ARM::Native Driver:Timeout:1.0.0
      Source file:   Native_Driver\systimer_armv8-m_timeout.c
      Include file:  Native_Driver\timeout.h

   * Component: ARM::Native Driver:UART:1.0.0
      Source file:   Native_Driver\uart_cmsdk_drv.c
      Include file:  Native_Driver\uart_cmsdk_drv.h

   * Component: ARM::Native Driver:Watch Dog:1.0.0
      Source file:   Native_Driver\syswdog_armv8-m_drv.c
      Include file:  Native_Driver\syswdog_armv8-m_drv.h

   * Component: Keil.ARM Compiler::Compiler:I/O:STDOUT:User:1.2.0
      Source file:   Source\retarget_io.c
      Source file:   Template\stdout_user.c
      Source file:   Template\stdout_USART.c
      Source file:   Template\stdout_display.c

   * Component: tensorflow::Data Exchange:Serialization:flatbuffers:tensorflow:1.12.0

   * Component: tensorflow::Data Processing:Math:gemmlowp fixed-point:tensorflow:1.0.0

   * Component: tensorflow::Data Processing:Math:kissfft:tensorflow:1.4.5
      Source file:   src\tools\kiss_fftr.c
      Source file:   src\kiss_fft.c

   * Component: tensorflow::Data Processing:Math:ruy:tensorflow:1.12.0

   * Component: tensorflow::Machine Learning:TensorFlow:Kernel Utils:0.4.0
      Source file:   tensorflow\lite\micro\mock_micro_graph.cc
      Source file:   tensorflow\lite\kernels\internal\quantization_util.cc
      Source file:   tensorflow\lite\micro\micro_profiler.cc
      Source file:   tensorflow\lite\kernels\kernel_util.cc
      Source file:   tensorflow\lite\micro\micro_utils.cc
      Source file:   tensorflow\lite\micro\micro_string.cc
      Source file:   tensorflow\lite\core\api\error_reporter.cc
      Source file:   tensorflow\lite\core\api\tensor_utils.cc
      Source file:   tensorflow\lite\micro\system_setup.cc
      Source file:   tensorflow\lite\micro\cortex_m_generic\debug_log.cc
      Source file:   tensorflow\lite\micro\micro_error_reporter.cc
      Source file:   tensorflow\lite\micro\micro_interpreter.cc
      Source file:   tensorflow\lite\micro\cortex_m_generic\micro_time.cc
      Source file:   tensorflow\lite\micro\recording_simple_memory_allocator.cc
      Source file:   tensorflow\lite\c\common.c
      Source file:   tensorflow\lite\micro\micro_resource_variable.cc
      Source file:   tensorflow\lite\micro\all_ops_resolver.cc
      Source file:   tensorflow\lite\schema\schema_utils.cc
      Source file:   tensorflow\lite\micro\memory_planner\greedy_memory_planner.cc
      Source file:   tensorflow\lite\micro\simple_memory_allocator.cc
      Source file:   tensorflow\lite\micro\micro_allocator.cc
      Source file:   tensorflow\lite\micro\micro_graph.cc
      Source file:   tensorflow\lite\core\api\flatbuffer_conversions.cc
      Source file:   tensorflow\lite\micro\test_helpers.cc
      Source file:   tensorflow\lite\kernels\internal\reference\portable_tensor_utils.cc
      Source file:   tensorflow\lite\micro\flatbuffer_utils.cc
      Source file:   tensorflow\lite\core\api\op_resolver.cc
      Source file:   tensorflow\lite\micro\memory_helpers.cc
      Source file:   tensorflow\lite\micro\recording_micro_allocator.cc
      Source file:   tensorflow\lite\micro\memory_planner\linear_memory_planner.cc

   * Component: tensorflow::Machine Learning:TensorFlow:Kernel:CMSIS-NN:0.4.0
      Source file:   tensorflow\lite\micro\recording_simple_memory_allocator.cc
      Source file:   tensorflow\lite\micro\kernels\cmsis_nn\conv.cc
      Include file:  tensorflow\lite\kernels\op_macros.h
      Include file:  tensorflow\lite\kernels\internal\reference\requantize.h
      Source file:   tensorflow\lite\micro\kernels\cmsis_nn\depthwise_conv.cc
      Include file:  tensorflow\lite\kernels\internal\reference\batch_matmul.h
      Source file:   tensorflow\lite\micro\kernels\reshape.cc
      Source file:   tensorflow\lite\micro\kernels\fully_connected_common.cc
      Source file:   tensorflow\lite\micro\micro_error_reporter.cc
      Include file:  tensorflow\lite\micro\micro_resource_variable.h
      Source file:   tensorflow\lite\micro\kernels\cmsis_nn\mul.cc
      Source file:   tensorflow\lite\micro\kernels\cmsis_nn\softmax.cc
      Include file:  tensorflow\lite\kernels\internal\reference\floor_div.h
      Source file:   tensorflow\lite\micro\kernels\hard_swish.cc
      Include file:  tensorflow\lite\core\api\op_resolver.h
      Include file:  tensorflow\lite\kernels\internal\reference\transpose.h
      Include file:  tensorflow\lite\micro\mock_micro_graph.h
      Include file:  tensorflow\lite\kernels\internal\reference\floor_mod.h
      Source file:   tensorflow\lite\micro\test_helpers.cc
      Include file:  tensorflow\lite\kernels\internal\reference\transpose_conv.h
      Source file:   tensorflow\lite\micro\kernels\activations_common.cc
      Include file:  tensorflow\lite\kernels\padding.h
      Source file:   tensorflow\lite\micro\kernels\logical_common.cc
      Include file:  tensorflow\lite\c\builtin_op_data.h
      Include file:  tensorflow\lite\kernels\internal\reference\integer_ops\fully_connected.h
      Source file:   tensorflow\lite\micro\kernels\elementwise.cc
      Source file:   tensorflow\lite\micro\memory_helpers.cc
      Include file:  tensorflow\lite\kernels\internal\common.h
      Include file:  tensorflow\lite\kernels\internal\reference\process_broadcast_shapes.h
      Include file:  tensorflow\lite\kernels\internal\reference\strided_slice.h
      Source file:   tensorflow\lite\micro\micro_resource_variable.cc
      Include file:  tensorflow\lite\micro\kernels\circular_buffer_flexbuffers_generated_data.h
      Source file:   tensorflow\lite\micro\kernels\ceil.cc
      Source file:   tensorflow\lite\micro\kernels\gather_nd.cc
      Include file:  tensorflow\lite\kernels\internal\types.h
      Include file:  tensorflow\lite\kernels\internal\reference\integer_ops\mul.h
      Source file:   tensorflow\lite\micro\kernels\space_to_depth.cc
      Source file:   tensorflow\lite\micro\kernels\fill.cc
      Include file:  tensorflow\lite\micro\flatbuffer_utils.h
      Include file:  tensorflow\lite\kernels\internal\cppmath.h
      Include file:  tensorflow\lite\kernels\internal\reference\cumsum.h
      Include file:  tensorflow\lite\kernels\internal\reference\integer_ops\conv.h
      Include file:  tensorflow\lite\kernels\internal\reference\prelu.h
      Source file:   tensorflow\lite\c\common.c
      Include file:  tensorflow\lite\micro\kernels\fully_connected.h
      Include file:  tensorflow\lite\micro\micro_time.h
      Source file:   tensorflow\lite\micro\kernels\neg.cc
      Include file:  tensorflow\lite\schema\schema_generated.h
      Source file:   tensorflow\lite\micro\kernels\gather.cc
      Include file:  tensorflow\lite\micro\memory_planner\micro_memory_planner.h
      Include file:  tensorflow\lite\micro\kernels\kernel_util.h
      Source file:   tensorflow\lite\micro\kernels\cmsis_nn\add.cc
      Source file:   tensorflow\lite\core\api\error_reporter.cc
      Source file:   tensorflow\lite\micro\kernels\quantize_common.cc
      Source file:   tensorflow\lite\micro\kernels\space_to_batch_nd.cc
      Source file:   tensorflow\lite\micro\kernels\logistic.cc
      Include file:  tensorflow\lite\micro\micro_profiler.h
      Source file:   tensorflow\lite\micro\kernels\kernel_runner.cc
      Include file:  tensorflow\lite\kernels\internal\reference\integer_ops\transpose_conv.h
      Include file:  tensorflow\lite\kernels\internal\reference\comparisons.h
      Include file:  tensorflow\lite\kernels\internal\strided_slice_logic.h
      Include file:  tensorflow\lite\kernels\internal\quantization_util.h
      Include file:  tensorflow\lite\kernels\internal\max.h
      Include file:  tensorflow\lite\kernels\internal\reference\resize_nearest_neighbor.h
      Source file:   tensorflow\lite\micro\kernels\exp.cc
      Include file:  tensorflow\lite\kernels\internal\reference\dequantize.h
      Include file:  tensorflow\lite\kernels\internal\min.h
      Source file:   tensorflow\lite\micro\kernels\if.cc
      Source file:   tensorflow\lite\micro\micro_string.cc
      Source file:   tensorflow\lite\kernels\internal\quantization_util.cc
      Include file:  tensorflow\lite\micro\recording_micro_allocator.h
      Include file:  tensorflow\lite\micro\simple_memory_allocator.h
      Include file:  tensorflow\lite\kernels\internal\reference\softmax.h
      Include file:  tensorflow\lite\c\common.h
      Include file:  tensorflow\lite\micro\kernels\conv.h
      Source file:   tensorflow\lite\micro\kernels\var_handle.cc
      Source file:   tensorflow\lite\micro\kernels\detection_postprocess.cc
      Source file:   tensorflow\lite\micro\kernels\shape.cc
      Source file:   tensorflow\lite\micro\kernels\batch_to_space_nd.cc
      Source file:   tensorflow\lite\micro\kernels\svdf_common.cc
      Include file:  tensorflow\lite\kernels\internal\reference\integer_ops\logistic.h
      Include file:  tensorflow\lite\micro\micro_graph.h
      Include file:  tensorflow\lite\kernels\internal\runtime_shape.h
      Include file:  tensorflow\lite\kernels\internal\optimized\neon_check.h
      Source file:   tensorflow\lite\micro\kernels\dequantize.cc
      Include file:  tensorflow\lite\micro\kernels\hard_swish.h
      Include file:  tensorflow\lite\micro\micro_string.h
      Include file:  tensorflow\lite\micro\kernels\quantize.h
      Source file:   tensorflow\lite\micro\kernels\hard_swish_common.cc
      Source file:   tensorflow\lite\micro\kernels\add_n.cc
      Include file:  tensorflow\lite\portable_type_to_tflitetype.h
      Include file:  tensorflow\lite\kernels\internal\reference\depthwiseconv_float.h
      Include file:  tensorflow\lite\micro\recording_micro_interpreter.h
      Include file:  tensorflow\lite\kernels\internal\reference\logistic.h
      Include file:  tensorflow\lite\kernels\kernel_util.h
      Include file:  tensorflow\lite\kernels\internal\reference\tanh.h
      Source file:   tensorflow\lite\micro\kernels\assign_variable.cc
      Include file:  tensorflow\lite\kernels\internal\reference\elu.h
      Include file:  tensorflow\lite\micro\kernels\pooling.h
      Source file:   tensorflow\lite\micro\kernels\expand_dims.cc
      Source file:   tensorflow\lite\micro\kernels\elu.cc
      Source file:   tensorflow\lite\micro\kernels\prelu.cc
      Include file:  tensorflow\lite\kernels\internal\reference\fill.h
      Source file:   tensorflow\lite\micro\kernels\strided_slice.cc
      Include file:  tensorflow\lite\kernels\internal\tensor_ctypes.h
      Source file:   tensorflow\lite\micro\kernels\comparisons.cc
      Include file:  tensorflow\lite\micro\kernels\conv_test.h
      Include file:  tensorflow\lite\kernels\internal\reference\binary_function.h
      Include file:  tensorflow\lite\kernels\internal\reference\arg_min_max.h
      Source file:   tensorflow\lite\micro\kernels\activations.cc
      Include file:  tensorflow\lite\micro\micro_op_resolver.h
      Source file:   tensorflow\lite\micro\kernels\circular_buffer_common.cc
      Source file:   tensorflow\lite\micro\kernels\cmsis_nn\fully_connected.cc
      Include file:  tensorflow\lite\kernels\internal\reference\depth_to_space.h
      Source file:   tensorflow\lite\micro\kernels\arg_min_max.cc
      Source file:   tensorflow\lite\micro\kernels\split.cc
      Include file:  tensorflow\lite\micro\kernels\micro_ops.h
      Include file:  tensorflow\lite\kernels\internal\reference\integer_ops\l2normalization.h
      Include file:  tensorflow\lite\micro\test_helpers.h
      Source file:   tensorflow\lite\micro\kernels\maximum_minimum.cc
      Include file:  tensorflow\lite\c\c_api_types.h
      Include file:  tensorflow\lite\kernels\internal\reference\l2normalization.h
      Source file:   tensorflow\lite\micro\micro_graph.cc
      Source file:   tensorflow\lite\micro\kernels\log_softmax.cc
      Source file:   tensorflow\lite\micro\kernels\concatenation.cc
      Include file:  tensorflow\lite\kernels\internal\reference\log_softmax.h
      Include file:  tensorflow\lite\kernels\internal\reference\pooling.h
      Source file:   tensorflow\lite\micro\kernels\round.cc
      Source file:   tensorflow\lite\micro\kernels\floor_div.cc
      Include file:  tensorflow\lite\micro\micro_error_reporter.h
      Source file:   tensorflow\lite\micro\kernels\circular_buffer.cc
      Source file:   tensorflow\lite\micro\kernels\read_variable.cc
      Include file:  tensorflow\lite\micro\micro_mutable_op_resolver.h
      Include file:  tensorflow\lite\kernels\internal\reference\reduce.h
      Source file:   tensorflow\lite\micro\micro_profiler.cc
      Source file:   tensorflow\lite\micro\micro_utils.cc
      Source file:   tensorflow\lite\micro\kernels\call_once.cc
      Source file:   tensorflow\lite\core\api\tensor_utils.cc
      Include file:  tensorflow\lite\kernels\internal\reference\quantize.h
      Include file:  tensorflow\lite\micro\kernels\ethosu.h
      Source file:   tensorflow\lite\micro\kernels\floor.cc
      Include file:  tensorflow\lite\kernels\internal\reference\integer_ops\add.h
      Include file:  tensorflow\lite\kernels\internal\reference\ceil.h
      Include file:  tensorflow\lite\micro\kernels\logistic.h
      Include file:  tensorflow\lite\core\api\flatbuffer_conversions.h
      Include file:  tensorflow\lite\kernels\internal\reference\round.h
      Include file:  tensorflow\lite\micro\kernels\micro_utils.h
      Source file:   tensorflow\lite\micro\kernels\sub.cc
      Include file:  tensorflow\lite\micro\kernels\svdf.h
      Source file:   tensorflow\lite\micro\kernels\resize_bilinear.cc
      Include file:  tensorflow\lite\kernels\internal\portable_tensor_utils.h
      Include file:  tensorflow\lite\kernels\internal\reference\conv.h
      Source file:   tensorflow\lite\micro\micro_allocator.cc
      Source file:   tensorflow\lite\micro\kernels\floor_mod.cc
      Include file:  tensorflow\lite\micro\memory_planner\greedy_memory_planner.h
      Include file:  tensorflow\lite\micro\micro_allocator.h
      Source file:   tensorflow\lite\micro\kernels\kernel_util.cc
      Include file:  tensorflow\lite\kernels\internal\reference\maximum_minimum.h
      Source file:   tensorflow\lite\micro\kernels\pad.cc
      Source file:   tensorflow\lite\micro\kernels\l2_pool_2d.cc
      Include file:  tensorflow\lite\kernels\internal\reference\space_to_batch_nd.h
      Source file:   tensorflow\lite\core\api\op_resolver.cc
      Source file:   tensorflow\lite\micro\memory_planner\linear_memory_planner.cc
      Source file:   tensorflow\lite\micro\kernels\depth_to_space.cc
      Source file:   tensorflow\lite\micro\memory_planner\greedy_memory_planner.cc
      Include file:  tensorflow\lite\kernels\internal\reference\floor.h
      Source file:   tensorflow\lite\micro\kernels\cumsum.cc
      Include file:  tensorflow\lite\micro\micro_utils.h
      Include file:  tensorflow\lite\kernels\internal\reference\neg.h
      Source file:   tensorflow\lite\micro\kernels\leaky_relu.cc
      Include file:  tensorflow\lite\kernels\internal\reference\integer_ops\mean.h
      Source file:   tensorflow\lite\micro\kernels\logical.cc
      Source file:   tensorflow\lite\micro\flatbuffer_utils.cc
      Include file:  tensorflow\lite\schema\schema_utils.h
      Source file:   tensorflow\lite\micro\kernels\reduce.cc
      Source file:   tensorflow\lite\micro\recording_micro_allocator.cc
      Source file:   tensorflow\lite\schema\schema_utils.cc
      Include file:  tensorflow\lite\core\api\error_reporter.h
      Source file:   tensorflow\lite\micro\kernels\transpose.cc
      Include file:  tensorflow\lite\micro\system_setup.h
      Source file:   tensorflow\lite\micro\micro_interpreter.cc
      Include file:  tensorflow\lite\micro\recording_simple_memory_allocator.h
      Include file:  tensorflow\lite\micro\micro_interpreter.h
      Source file:   tensorflow\lite\micro\kernels\pack.cc
      Source file:   tensorflow\lite\micro\mock_micro_graph.cc
      Include file:  tensorflow\lite\micro\kernels\kernel_runner.h
      Include file:  tensorflow\lite\kernels\internal\reference\hard_swish.h
      Include file:  tensorflow\lite\micro\all_ops_resolver.h
      Source file:   tensorflow\lite\micro\kernels\zeros_like.cc
      Source file:   tensorflow\lite\micro\kernels\pooling_common.cc
      Source file:   tensorflow\lite\micro\kernels\conv_common.cc
      Include file:  tensorflow\lite\kernels\internal\reference\fully_connected.h
      Include file:  tensorflow\lite\micro\kernels\activations.h
      Include file:  tensorflow\lite\kernels\internal\reference\integer_ops\pooling.h
      Include file:  tensorflow\lite\micro\debug_log.h
      Include file:  tensorflow\lite\kernels\internal\reference\space_to_depth.h
      Include file:  tensorflow\lite\kernels\internal\compatibility.h
      Source file:   tensorflow\lite\micro\kernels\cmsis_nn\pooling.cc
      Source file:   tensorflow\lite\micro\kernels\squeeze.cc
      Include file:  tensorflow\lite\kernels\internal\portable_tensor.h
      Include file:  tensorflow\lite\kernels\internal\reference\pad.h
      Include file:  tensorflow\lite\micro\cortex_m_generic\debug_log_callback.h
      Include file:  tensorflow\lite\kernels\internal\reference\portable_tensor_utils_impl.h
      Include file:  tensorflow\lite\kernels\internal\reference\batch_to_space_nd.h
      Source file:   tensorflow\lite\micro\kernels\ethosu.cc
      Source file:   tensorflow\lite\micro\kernels\resize_nearest_neighbor.cc
      Source file:   tensorflow\lite\micro\kernels\logistic_common.cc
      Include file:  tensorflow\lite\micro\memory_helpers.h
      Source file:   tensorflow\lite\micro\kernels\transpose_conv.cc
      Include file:  tensorflow\lite\micro\kernels\leaky_relu.h
      Include file:  tensorflow\lite\micro\kernels\softmax.h
      Source file:   tensorflow\lite\micro\kernels\leaky_relu_common.cc
      Source file:   tensorflow\lite\micro\kernels\cast.cc
      Source file:   tensorflow\lite\micro\kernels\l2norm.cc
      Include file:  tensorflow\lite\kernels\internal\reference\leaky_relu.h
      Include file:  tensorflow\lite\micro\kernels\detection_postprocess_flexbuffers_generated_data.h
      Include file:  tensorflow\lite\kernels\internal\reference\depthwiseconv_uint8.h
      Include file:  tensorflow\lite\micro\kernels\activation_utils.h
      Source file:   tensorflow\lite\micro\simple_memory_allocator.cc
      Source file:   tensorflow\lite\micro\kernels\softmax_common.cc
      Source file:   tensorflow\lite\micro\kernels\tanh.cc
      Source file:   tensorflow\lite\micro\kernels\split_v.cc
      Source file:   tensorflow\lite\micro\kernels\cmsis_nn\svdf.cc
      Source file:   tensorflow\lite\core\api\flatbuffer_conversions.cc
      Include file:  tensorflow\lite\kernels\internal\reference\add_n.h
      Include file:  tensorflow\lite\micro\kernels\depthwise_conv.h
      Include file:  tensorflow\lite\micro\kernels\logical.h
      Include file:  tensorflow\lite\kernels\internal\reference\resize_bilinear.h
      Include file:  tensorflow\lite\micro\compatibility.h
      Include file:  tensorflow\lite\kernels\internal\reference\sub.h
      Source file:   tensorflow\lite\micro\all_ops_resolver.cc
      Source file:   tensorflow\lite\micro\kernels\unpack.cc
      Include file:  tensorflow\lite\kernels\internal\reference\concatenation.h
      Source file:   tensorflow\lite\kernels\internal\reference\portable_tensor_utils.cc
      Include file:  tensorflow\lite\kernels\internal\reference\add.h
      Include file:  tensorflow\lite\kernels\internal\reference\mul.h
      Source file:   tensorflow\lite\micro\kernels\depthwise_conv_common.cc
      Include file:  tensorflow\lite\kernels\internal\reference\exp.h
      Include file:  tensorflow\lite\micro\kernels\circular_buffer.h
      Source file:   tensorflow\lite\micro\kernels\quantize.cc
      Include file:  tensorflow\lite\kernels\internal\reference\integer_ops\depthwise_conv.h
      Include file:  tensorflow\lite\core\api\tensor_utils.h
      Include file:  tensorflow\lite\kernels\internal\reference\integer_ops\tanh.h
      Include file:  tensorflow\lite\micro\memory_planner\linear_memory_planner.h
Build Time Elapsed:  00:00:05
</pre>
</body>
</html>
